// Jest Snapshot v1, https://goo.gl/fbAQLP

exports[`About Page renders aboutpage unchanged 1`] = `
<div>
  <h1>
    About Page
  </h1>
</div>
`;
